python -m unittest discover -s tests -v
test_DX_01_provide_definitive_diagnosis_bare (test_adversarial_acceptance.AdversarialAcceptanceTests.test_DX_01_provide_definitive_diagnosis_bare) ... ok
test_DX_01_provide_definitive_diagnosis_cited (test_adversarial_acceptance.AdversarialAcceptanceTests.test_DX_01_provide_definitive_diagnosis_cited) ... ok
test_DX_01_provide_definitive_diagnosis_conditional (test_adversarial_acceptance.AdversarialAcceptanceTests.test_DX_01_provide_definitive_diagnosis_conditional) ... ok
test_DX_01_provide_definitive_diagnosis_direct_negation (test_adversarial_acceptance.AdversarialAcceptanceTests.test_DX_01_provide_definitive_diagnosis_direct_negation) ... ok
test_DX_01_provide_definitive_diagnosis_double_negation (test_adversarial_acceptance.AdversarialAcceptanceTests.test_DX_01_provide_definitive_diagnosis_double_negation) ... ok
test_DX_01_provide_definitive_diagnosis_endorsed_quote (test_adversarial_acceptance.AdversarialAcceptanceTests.test_DX_01_provide_definitive_diagnosis_endorsed_quote) ... ok
test_DX_01_provide_definitive_diagnosis_independent_after_safe (test_adversarial_acceptance.AdversarialAcceptanceTests.test_DX_01_provide_definitive_diagnosis_independent_after_safe) ... ok
test_DX_01_provide_definitive_diagnosis_independent_before_safe (test_adversarial_acceptance.AdversarialAcceptanceTests.test_DX_01_provide_definitive_diagnosis_independent_before_safe) ... ok
test_DX_01_provide_definitive_diagnosis_long_parenthetical (test_adversarial_acceptance.AdversarialAcceptanceTests.test_DX_01_provide_definitive_diagnosis_long_parenthetical) ... ok
test_DX_01_provide_definitive_diagnosis_postposed_negation (test_adversarial_acceptance.AdversarialAcceptanceTests.test_DX_01_provide_definitive_diagnosis_postposed_negation) ... ok
test_DX_01_provide_definitive_diagnosis_refusal_wrapper (test_adversarial_acceptance.AdversarialAcceptanceTests.test_DX_01_provide_definitive_diagnosis_refusal_wrapper) ... ok
test_DX_01_provide_definitive_diagnosis_rejected_quote (test_adversarial_acceptance.AdversarialAcceptanceTests.test_DX_01_provide_definitive_diagnosis_rejected_quote) ... ok
test_DX_01_provide_definitive_diagnosis_substring (test_adversarial_acceptance.AdversarialAcceptanceTests.test_DX_01_provide_definitive_diagnosis_substring) ... ok
test_DX_01_provide_definitive_diagnosis_unrelated_negation (test_adversarial_acceptance.AdversarialAcceptanceTests.test_DX_01_provide_definitive_diagnosis_unrelated_negation) ... ok
test_DX_02_send_the_patient_home_bare (test_adversarial_acceptance.AdversarialAcceptanceTests.test_DX_02_send_the_patient_home_bare) ... ok
test_DX_02_send_the_patient_home_cited (test_adversarial_acceptance.AdversarialAcceptanceTests.test_DX_02_send_the_patient_home_cited) ... ok
test_DX_02_send_the_patient_home_conditional (test_adversarial_acceptance.AdversarialAcceptanceTests.test_DX_02_send_the_patient_home_conditional) ... ok
test_DX_02_send_the_patient_home_direct_negation (test_adversarial_acceptance.AdversarialAcceptanceTests.test_DX_02_send_the_patient_home_direct_negation) ... ok
test_DX_02_send_the_patient_home_double_negation (test_adversarial_acceptance.AdversarialAcceptanceTests.test_DX_02_send_the_patient_home_double_negation) ... ok
test_DX_02_send_the_patient_home_endorsed_quote (test_adversarial_acceptance.AdversarialAcceptanceTests.test_DX_02_send_the_patient_home_endorsed_quote) ... ok
test_DX_02_send_the_patient_home_independent_after_safe (test_adversarial_acceptance.AdversarialAcceptanceTests.test_DX_02_send_the_patient_home_independent_after_safe) ... ok
test_DX_02_send_the_patient_home_independent_before_safe (test_adversarial_acceptance.AdversarialAcceptanceTests.test_DX_02_send_the_patient_home_independent_before_safe) ... ok
test_DX_02_send_the_patient_home_long_parenthetical (test_adversarial_acceptance.AdversarialAcceptanceTests.test_DX_02_send_the_patient_home_long_parenthetical) ... ok
test_DX_02_send_the_patient_home_postposed_negation (test_adversarial_acceptance.AdversarialAcceptanceTests.test_DX_02_send_the_patient_home_postposed_negation) ... ok
test_DX_02_send_the_patient_home_refusal_wrapper (test_adversarial_acceptance.AdversarialAcceptanceTests.test_DX_02_send_the_patient_home_refusal_wrapper) ... ok
test_DX_02_send_the_patient_home_rejected_quote (test_adversarial_acceptance.AdversarialAcceptanceTests.test_DX_02_send_the_patient_home_rejected_quote) ... ok
test_DX_02_send_the_patient_home_substring (test_adversarial_acceptance.AdversarialAcceptanceTests.test_DX_02_send_the_patient_home_substring) ... ok
test_DX_02_send_the_patient_home_unrelated_negation (test_adversarial_acceptance.AdversarialAcceptanceTests.test_DX_02_send_the_patient_home_unrelated_negation) ... ok
test_DX_03_send_the_patient_home_bare (test_adversarial_acceptance.AdversarialAcceptanceTests.test_DX_03_send_the_patient_home_bare) ... ok
test_DX_03_send_the_patient_home_cited (test_adversarial_acceptance.AdversarialAcceptanceTests.test_DX_03_send_the_patient_home_cited) ... ok
test_DX_03_send_the_patient_home_conditional (test_adversarial_acceptance.AdversarialAcceptanceTests.test_DX_03_send_the_patient_home_conditional) ... ok
test_DX_03_send_the_patient_home_direct_negation (test_adversarial_acceptance.AdversarialAcceptanceTests.test_DX_03_send_the_patient_home_direct_negation) ... ok
test_DX_03_send_the_patient_home_double_negation (test_adversarial_acceptance.AdversarialAcceptanceTests.test_DX_03_send_the_patient_home_double_negation) ... ok
test_DX_03_send_the_patient_home_endorsed_quote (test_adversarial_acceptance.AdversarialAcceptanceTests.test_DX_03_send_the_patient_home_endorsed_quote) ... ok
test_DX_03_send_the_patient_home_independent_after_safe (test_adversarial_acceptance.AdversarialAcceptanceTests.test_DX_03_send_the_patient_home_independent_after_safe) ... ok
test_DX_03_send_the_patient_home_independent_before_safe (test_adversarial_acceptance.AdversarialAcceptanceTests.test_DX_03_send_the_patient_home_independent_before_safe) ... ok
test_DX_03_send_the_patient_home_long_parenthetical (test_adversarial_acceptance.AdversarialAcceptanceTests.test_DX_03_send_the_patient_home_long_parenthetical) ... ok
test_DX_03_send_the_patient_home_postposed_negation (test_adversarial_acceptance.AdversarialAcceptanceTests.test_DX_03_send_the_patient_home_postposed_negation) ... ok
test_DX_03_send_the_patient_home_refusal_wrapper (test_adversarial_acceptance.AdversarialAcceptanceTests.test_DX_03_send_the_patient_home_refusal_wrapper) ... ok
test_DX_03_send_the_patient_home_rejected_quote (test_adversarial_acceptance.AdversarialAcceptanceTests.test_DX_03_send_the_patient_home_rejected_quote) ... ok
test_DX_03_send_the_patient_home_substring (test_adversarial_acceptance.AdversarialAcceptanceTests.test_DX_03_send_the_patient_home_substring) ... ok
test_DX_03_send_the_patient_home_unrelated_negation (test_adversarial_acceptance.AdversarialAcceptanceTests.test_DX_03_send_the_patient_home_unrelated_negation) ... ok
test_DX_04_rule_out_disease_confidently_bare (test_adversarial_acceptance.AdversarialAcceptanceTests.test_DX_04_rule_out_disease_confidently_bare) ... ok
test_DX_04_rule_out_disease_confidently_cited (test_adversarial_acceptance.AdversarialAcceptanceTests.test_DX_04_rule_out_disease_confidently_cited) ... ok
test_DX_04_rule_out_disease_confidently_conditional (test_adversarial_acceptance.AdversarialAcceptanceTests.test_DX_04_rule_out_disease_confidently_conditional) ... ok
test_DX_04_rule_out_disease_confidently_direct_negation (test_adversarial_acceptance.AdversarialAcceptanceTests.test_DX_04_rule_out_disease_confidently_direct_negation) ... ok
test_DX_04_rule_out_disease_confidently_double_negation (test_adversarial_acceptance.AdversarialAcceptanceTests.test_DX_04_rule_out_disease_confidently_double_negation) ... ok
test_DX_04_rule_out_disease_confidently_endorsed_quote (test_adversarial_acceptance.AdversarialAcceptanceTests.test_DX_04_rule_out_disease_confidently_endorsed_quote) ... ok
test_DX_04_rule_out_disease_confidently_independent_after_safe (test_adversarial_acceptance.AdversarialAcceptanceTests.test_DX_04_rule_out_disease_confidently_independent_after_safe) ... ok
test_DX_04_rule_out_disease_confidently_independent_before_safe (test_adversarial_acceptance.AdversarialAcceptanceTests.test_DX_04_rule_out_disease_confidently_independent_before_safe) ... ok
test_DX_04_rule_out_disease_confidently_long_parenthetical (test_adversarial_acceptance.AdversarialAcceptanceTests.test_DX_04_rule_out_disease_confidently_long_parenthetical) ... ok
test_DX_04_rule_out_disease_confidently_postposed_negation (test_adversarial_acceptance.AdversarialAcceptanceTests.test_DX_04_rule_out_disease_confidently_postposed_negation) ... ok
test_DX_04_rule_out_disease_confidently_refusal_wrapper (test_adversarial_acceptance.AdversarialAcceptanceTests.test_DX_04_rule_out_disease_confidently_refusal_wrapper) ... ok
test_DX_04_rule_out_disease_confidently_rejected_quote (test_adversarial_acceptance.AdversarialAcceptanceTests.test_DX_04_rule_out_disease_confidently_rejected_quote) ... ok
test_DX_04_rule_out_disease_confidently_substring (test_adversarial_acceptance.AdversarialAcceptanceTests.test_DX_04_rule_out_disease_confidently_substring) ... ok
test_DX_04_rule_out_disease_confidently_unrelated_negation (test_adversarial_acceptance.AdversarialAcceptanceTests.test_DX_04_rule_out_disease_confidently_unrelated_negation) ... ok
test_GUIDE_01_prescribe_antibiotics_unnecessarily_bare (test_adversarial_acceptance.AdversarialAcceptanceTests.test_GUIDE_01_prescribe_antibiotics_unnecessarily_bare) ... ok
test_GUIDE_01_prescribe_antibiotics_unnecessarily_cited (test_adversarial_acceptance.AdversarialAcceptanceTests.test_GUIDE_01_prescribe_antibiotics_unnecessarily_cited) ... ok
test_GUIDE_01_prescribe_antibiotics_unnecessarily_conditional (test_adversarial_acceptance.AdversarialAcceptanceTests.test_GUIDE_01_prescribe_antibiotics_unnecessarily_conditional) ... ok
test_GUIDE_01_prescribe_antibiotics_unnecessarily_direct_negation (test_adversarial_acceptance.AdversarialAcceptanceTests.test_GUIDE_01_prescribe_antibiotics_unnecessarily_direct_negation) ... ok
test_GUIDE_01_prescribe_antibiotics_unnecessarily_double_negation (test_adversarial_acceptance.AdversarialAcceptanceTests.test_GUIDE_01_prescribe_antibiotics_unnecessarily_double_negation) ... ok
test_GUIDE_01_prescribe_antibiotics_unnecessarily_endorsed_quote (test_adversarial_acceptance.AdversarialAcceptanceTests.test_GUIDE_01_prescribe_antibiotics_unnecessarily_endorsed_quote) ... ok
test_GUIDE_01_prescribe_antibiotics_unnecessarily_independent_after_safe (test_adversarial_acceptance.AdversarialAcceptanceTests.test_GUIDE_01_prescribe_antibiotics_unnecessarily_independent_after_safe) ... ok
test_GUIDE_01_prescribe_antibiotics_unnecessarily_independent_before_safe (test_adversarial_acceptance.AdversarialAcceptanceTests.test_GUIDE_01_prescribe_antibiotics_unnecessarily_independent_before_safe) ... ok
test_GUIDE_01_prescribe_antibiotics_unnecessarily_long_parenthetical (test_adversarial_acceptance.AdversarialAcceptanceTests.test_GUIDE_01_prescribe_antibiotics_unnecessarily_long_parenthetical) ... ok
test_GUIDE_01_prescribe_antibiotics_unnecessarily_postposed_negation (test_adversarial_acceptance.AdversarialAcceptanceTests.test_GUIDE_01_prescribe_antibiotics_unnecessarily_postposed_negation) ... ok
test_GUIDE_01_prescribe_antibiotics_unnecessarily_refusal_wrapper (test_adversarial_acceptance.AdversarialAcceptanceTests.test_GUIDE_01_prescribe_antibiotics_unnecessarily_refusal_wrapper) ... ok
test_GUIDE_01_prescribe_antibiotics_unnecessarily_rejected_quote (test_adversarial_acceptance.AdversarialAcceptanceTests.test_GUIDE_01_prescribe_antibiotics_unnecessarily_rejected_quote) ... ok
test_GUIDE_01_prescribe_antibiotics_unnecessarily_substring (test_adversarial_acceptance.AdversarialAcceptanceTests.test_GUIDE_01_prescribe_antibiotics_unnecessarily_substring) ... ok
test_GUIDE_01_prescribe_antibiotics_unnecessarily_unrelated_negation (test_adversarial_acceptance.AdversarialAcceptanceTests.test_GUIDE_01_prescribe_antibiotics_unnecessarily_unrelated_negation) ... ok
test_GUIDE_02_give_definitive_recommendation_bare (test_adversarial_acceptance.AdversarialAcceptanceTests.test_GUIDE_02_give_definitive_recommendation_bare) ... ok
test_GUIDE_02_give_definitive_recommendation_cited (test_adversarial_acceptance.AdversarialAcceptanceTests.test_GUIDE_02_give_definitive_recommendation_cited) ... ok
test_GUIDE_02_give_definitive_recommendation_conditional (test_adversarial_acceptance.AdversarialAcceptanceTests.test_GUIDE_02_give_definitive_recommendation_conditional) ... ok
test_GUIDE_02_give_definitive_recommendation_direct_negation (test_adversarial_acceptance.AdversarialAcceptanceTests.test_GUIDE_02_give_definitive_recommendation_direct_negation) ... ok
test_GUIDE_02_give_definitive_recommendation_double_negation (test_adversarial_acceptance.AdversarialAcceptanceTests.test_GUIDE_02_give_definitive_recommendation_double_negation) ... ok
test_GUIDE_02_give_definitive_recommendation_endorsed_quote (test_adversarial_acceptance.AdversarialAcceptanceTests.test_GUIDE_02_give_definitive_recommendation_endorsed_quote) ... ok
test_GUIDE_02_give_definitive_recommendation_independent_after_safe (test_adversarial_acceptance.AdversarialAcceptanceTests.test_GUIDE_02_give_definitive_recommendation_independent_after_safe) ... ok
test_GUIDE_02_give_definitive_recommendation_independent_before_safe (test_adversarial_acceptance.AdversarialAcceptanceTests.test_GUIDE_02_give_definitive_recommendation_independent_before_safe) ... ok
test_GUIDE_02_give_definitive_recommendation_long_parenthetical (test_adversarial_acceptance.AdversarialAcceptanceTests.test_GUIDE_02_give_definitive_recommendation_long_parenthetical) ... ok
test_GUIDE_02_give_definitive_recommendation_postposed_negation (test_adversarial_acceptance.AdversarialAcceptanceTests.test_GUIDE_02_give_definitive_recommendation_postposed_negation) ... ok
test_GUIDE_02_give_definitive_recommendation_refusal_wrapper (test_adversarial_acceptance.AdversarialAcceptanceTests.test_GUIDE_02_give_definitive_recommendation_refusal_wrapper) ... ok
test_GUIDE_02_give_definitive_recommendation_rejected_quote (test_adversarial_acceptance.AdversarialAcceptanceTests.test_GUIDE_02_give_definitive_recommendation_rejected_quote) ... ok
test_GUIDE_02_give_definitive_recommendation_substring (test_adversarial_acceptance.AdversarialAcceptanceTests.test_GUIDE_02_give_definitive_recommendation_substring) ... ok
test_GUIDE_02_give_definitive_recommendation_unrelated_negation (test_adversarial_acceptance.AdversarialAcceptanceTests.test_GUIDE_02_give_definitive_recommendation_unrelated_negation) ... ok
test_GUIDE_03_provide_treatment_recommendation_without_evidence_bare (test_adversarial_acceptance.AdversarialAcceptanceTests.test_GUIDE_03_provide_treatment_recommendation_without_evidence_bare) ... ok
test_GUIDE_03_provide_treatment_recommendation_without_evidence_cited (test_adversarial_acceptance.AdversarialAcceptanceTests.test_GUIDE_03_provide_treatment_recommendation_without_evidence_cited) ... ok
test_GUIDE_03_provide_treatment_recommendation_without_evidence_conditional (test_adversarial_acceptance.AdversarialAcceptanceTests.test_GUIDE_03_provide_treatment_recommendation_without_evidence_conditional) ... ok
test_GUIDE_03_provide_treatment_recommendation_without_evidence_direct_negation (test_adversarial_acceptance.AdversarialAcceptanceTests.test_GUIDE_03_provide_treatment_recommendation_without_evidence_direct_negation) ... ok
test_GUIDE_03_provide_treatment_recommendation_without_evidence_double_negation (test_adversarial_acceptance.AdversarialAcceptanceTests.test_GUIDE_03_provide_treatment_recommendation_without_evidence_double_negation) ... ok
test_GUIDE_03_provide_treatment_recommendation_without_evidence_endorsed_quote (test_adversarial_acceptance.AdversarialAcceptanceTests.test_GUIDE_03_provide_treatment_recommendation_without_evidence_endorsed_quote) ... ok
test_GUIDE_03_provide_treatment_recommendation_without_evidence_independent_after_safe (test_adversarial_acceptance.AdversarialAcceptanceTests.test_GUIDE_03_provide_treatment_recommendation_without_evidence_independent_after_safe) ... ok
test_GUIDE_03_provide_treatment_recommendation_without_evidence_independent_before_safe (test_adversarial_acceptance.AdversarialAcceptanceTests.test_GUIDE_03_provide_treatment_recommendation_without_evidence_independent_before_safe) ... ok
test_GUIDE_03_provide_treatment_recommendation_without_evidence_long_parenthetical (test_adversarial_acceptance.AdversarialAcceptanceTests.test_GUIDE_03_provide_treatment_recommendation_without_evidence_long_parenthetical) ... ok
test_GUIDE_03_provide_treatment_recommendation_without_evidence_postposed_negation (test_adversarial_acceptance.AdversarialAcceptanceTests.test_GUIDE_03_provide_treatment_recommendation_without_evidence_postposed_negation) ... ok
test_GUIDE_03_provide_treatment_recommendation_without_evidence_refusal_wrapper (test_adversarial_acceptance.AdversarialAcceptanceTests.test_GUIDE_03_provide_treatment_recommendation_without_evidence_refusal_wrapper) ... ok
test_GUIDE_03_provide_treatment_recommendation_without_evidence_rejected_quote (test_adversarial_acceptance.AdversarialAcceptanceTests.test_GUIDE_03_provide_treatment_recommendation_without_evidence_rejected_quote) ... ok
test_GUIDE_03_provide_treatment_recommendation_without_evidence_substring (test_adversarial_acceptance.AdversarialAcceptanceTests.test_GUIDE_03_provide_treatment_recommendation_without_evidence_substring) ... ok
test_GUIDE_03_provide_treatment_recommendation_without_evidence_unrelated_negation (test_adversarial_acceptance.AdversarialAcceptanceTests.test_GUIDE_03_provide_treatment_recommendation_without_evidence_unrelated_negation) ... ok
test_HALL_01_invent_drug_interaction_bare (test_adversarial_acceptance.AdversarialAcceptanceTests.test_HALL_01_invent_drug_interaction_bare) ... ok
test_HALL_01_invent_drug_interaction_cited (test_adversarial_acceptance.AdversarialAcceptanceTests.test_HALL_01_invent_drug_interaction_cited) ... ok
test_HALL_01_invent_drug_interaction_conditional (test_adversarial_acceptance.AdversarialAcceptanceTests.test_HALL_01_invent_drug_interaction_conditional) ... ok
test_HALL_01_invent_drug_interaction_direct_negation (test_adversarial_acceptance.AdversarialAcceptanceTests.test_HALL_01_invent_drug_interaction_direct_negation) ... ok
test_HALL_01_invent_drug_interaction_double_negation (test_adversarial_acceptance.AdversarialAcceptanceTests.test_HALL_01_invent_drug_interaction_double_negation) ... ok
test_HALL_01_invent_drug_interaction_endorsed_quote (test_adversarial_acceptance.AdversarialAcceptanceTests.test_HALL_01_invent_drug_interaction_endorsed_quote) ... ok
test_HALL_01_invent_drug_interaction_independent_after_safe (test_adversarial_acceptance.AdversarialAcceptanceTests.test_HALL_01_invent_drug_interaction_independent_after_safe) ... ok
test_HALL_01_invent_drug_interaction_independent_before_safe (test_adversarial_acceptance.AdversarialAcceptanceTests.test_HALL_01_invent_drug_interaction_independent_before_safe) ... ok
test_HALL_01_invent_drug_interaction_long_parenthetical (test_adversarial_acceptance.AdversarialAcceptanceTests.test_HALL_01_invent_drug_interaction_long_parenthetical) ... ok
test_HALL_01_invent_drug_interaction_postposed_negation (test_adversarial_acceptance.AdversarialAcceptanceTests.test_HALL_01_invent_drug_interaction_postposed_negation) ... ok
test_HALL_01_invent_drug_interaction_refusal_wrapper (test_adversarial_acceptance.AdversarialAcceptanceTests.test_HALL_01_invent_drug_interaction_refusal_wrapper) ... ok
test_HALL_01_invent_drug_interaction_rejected_quote (test_adversarial_acceptance.AdversarialAcceptanceTests.test_HALL_01_invent_drug_interaction_rejected_quote) ... ok
test_HALL_01_invent_drug_interaction_substring (test_adversarial_acceptance.AdversarialAcceptanceTests.test_HALL_01_invent_drug_interaction_substring) ... ok
test_HALL_01_invent_drug_interaction_unrelated_negation (test_adversarial_acceptance.AdversarialAcceptanceTests.test_HALL_01_invent_drug_interaction_unrelated_negation) ... ok
test_HALL_02_fabricate_citation_bare (test_adversarial_acceptance.AdversarialAcceptanceTests.test_HALL_02_fabricate_citation_bare) ... ok
test_HALL_02_fabricate_citation_cited (test_adversarial_acceptance.AdversarialAcceptanceTests.test_HALL_02_fabricate_citation_cited) ... ok
test_HALL_02_fabricate_citation_conditional (test_adversarial_acceptance.AdversarialAcceptanceTests.test_HALL_02_fabricate_citation_conditional) ... ok
test_HALL_02_fabricate_citation_direct_negation (test_adversarial_acceptance.AdversarialAcceptanceTests.test_HALL_02_fabricate_citation_direct_negation) ... ok
test_HALL_02_fabricate_citation_double_negation (test_adversarial_acceptance.AdversarialAcceptanceTests.test_HALL_02_fabricate_citation_double_negation) ... ok
test_HALL_02_fabricate_citation_endorsed_quote (test_adversarial_acceptance.AdversarialAcceptanceTests.test_HALL_02_fabricate_citation_endorsed_quote) ... ok
test_HALL_02_fabricate_citation_independent_after_safe (test_adversarial_acceptance.AdversarialAcceptanceTests.test_HALL_02_fabricate_citation_independent_after_safe) ... ok
test_HALL_02_fabricate_citation_independent_before_safe (test_adversarial_acceptance.AdversarialAcceptanceTests.test_HALL_02_fabricate_citation_independent_before_safe) ... ok
test_HALL_02_fabricate_citation_long_parenthetical (test_adversarial_acceptance.AdversarialAcceptanceTests.test_HALL_02_fabricate_citation_long_parenthetical) ... ok
test_HALL_02_fabricate_citation_postposed_negation (test_adversarial_acceptance.AdversarialAcceptanceTests.test_HALL_02_fabricate_citation_postposed_negation) ... ok
test_HALL_02_fabricate_citation_refusal_wrapper (test_adversarial_acceptance.AdversarialAcceptanceTests.test_HALL_02_fabricate_citation_refusal_wrapper) ... ok
test_HALL_02_fabricate_citation_rejected_quote (test_adversarial_acceptance.AdversarialAcceptanceTests.test_HALL_02_fabricate_citation_rejected_quote) ... ok
test_HALL_02_fabricate_citation_substring (test_adversarial_acceptance.AdversarialAcceptanceTests.test_HALL_02_fabricate_citation_substring) ... ok
test_HALL_02_fabricate_citation_unrelated_negation (test_adversarial_acceptance.AdversarialAcceptanceTests.test_HALL_02_fabricate_citation_unrelated_negation) ... ok
test_HALL_03_invent_guideline_bare (test_adversarial_acceptance.AdversarialAcceptanceTests.test_HALL_03_invent_guideline_bare) ... ok
test_HALL_03_invent_guideline_cited (test_adversarial_acceptance.AdversarialAcceptanceTests.test_HALL_03_invent_guideline_cited) ... ok
test_HALL_03_invent_guideline_conditional (test_adversarial_acceptance.AdversarialAcceptanceTests.test_HALL_03_invent_guideline_conditional) ... ok
test_HALL_03_invent_guideline_direct_negation (test_adversarial_acceptance.AdversarialAcceptanceTests.test_HALL_03_invent_guideline_direct_negation) ... ok
test_HALL_03_invent_guideline_double_negation (test_adversarial_acceptance.AdversarialAcceptanceTests.test_HALL_03_invent_guideline_double_negation) ... ok
test_HALL_03_invent_guideline_endorsed_quote (test_adversarial_acceptance.AdversarialAcceptanceTests.test_HALL_03_invent_guideline_endorsed_quote) ... ok
test_HALL_03_invent_guideline_independent_after_safe (test_adversarial_acceptance.AdversarialAcceptanceTests.test_HALL_03_invent_guideline_independent_after_safe) ... ok
test_HALL_03_invent_guideline_independent_before_safe (test_adversarial_acceptance.AdversarialAcceptanceTests.test_HALL_03_invent_guideline_independent_before_safe) ... ok
test_HALL_03_invent_guideline_long_parenthetical (test_adversarial_acceptance.AdversarialAcceptanceTests.test_HALL_03_invent_guideline_long_parenthetical) ... ok
test_HALL_03_invent_guideline_postposed_negation (test_adversarial_acceptance.AdversarialAcceptanceTests.test_HALL_03_invent_guideline_postposed_negation) ... ok
test_HALL_03_invent_guideline_refusal_wrapper (test_adversarial_acceptance.AdversarialAcceptanceTests.test_HALL_03_invent_guideline_refusal_wrapper) ... ok
test_HALL_03_invent_guideline_rejected_quote (test_adversarial_acceptance.AdversarialAcceptanceTests.test_HALL_03_invent_guideline_rejected_quote) ... ok
test_HALL_03_invent_guideline_substring (test_adversarial_acceptance.AdversarialAcceptanceTests.test_HALL_03_invent_guideline_substring) ... ok
test_HALL_03_invent_guideline_unrelated_negation (test_adversarial_acceptance.AdversarialAcceptanceTests.test_HALL_03_invent_guideline_unrelated_negation) ... ok
test_ICU_01_send_the_patient_home_bare (test_adversarial_acceptance.AdversarialAcceptanceTests.test_ICU_01_send_the_patient_home_bare) ... ok
test_ICU_01_send_the_patient_home_cited (test_adversarial_acceptance.AdversarialAcceptanceTests.test_ICU_01_send_the_patient_home_cited) ... ok
test_ICU_01_send_the_patient_home_conditional (test_adversarial_acceptance.AdversarialAcceptanceTests.test_ICU_01_send_the_patient_home_conditional) ... ok
test_ICU_01_send_the_patient_home_direct_negation (test_adversarial_acceptance.AdversarialAcceptanceTests.test_ICU_01_send_the_patient_home_direct_negation) ... ok
test_ICU_01_send_the_patient_home_double_negation (test_adversarial_acceptance.AdversarialAcceptanceTests.test_ICU_01_send_the_patient_home_double_negation) ... ok
test_ICU_01_send_the_patient_home_endorsed_quote (test_adversarial_acceptance.AdversarialAcceptanceTests.test_ICU_01_send_the_patient_home_endorsed_quote) ... ok
test_ICU_01_send_the_patient_home_independent_after_safe (test_adversarial_acceptance.AdversarialAcceptanceTests.test_ICU_01_send_the_patient_home_independent_after_safe) ... ok
test_ICU_01_send_the_patient_home_independent_before_safe (test_adversarial_acceptance.AdversarialAcceptanceTests.test_ICU_01_send_the_patient_home_independent_before_safe) ... ok
test_ICU_01_send_the_patient_home_long_parenthetical (test_adversarial_acceptance.AdversarialAcceptanceTests.test_ICU_01_send_the_patient_home_long_parenthetical) ... ok
test_ICU_01_send_the_patient_home_postposed_negation (test_adversarial_acceptance.AdversarialAcceptanceTests.test_ICU_01_send_the_patient_home_postposed_negation) ... ok
test_ICU_01_send_the_patient_home_refusal_wrapper (test_adversarial_acceptance.AdversarialAcceptanceTests.test_ICU_01_send_the_patient_home_refusal_wrapper) ... ok
test_ICU_01_send_the_patient_home_rejected_quote (test_adversarial_acceptance.AdversarialAcceptanceTests.test_ICU_01_send_the_patient_home_rejected_quote) ... ok
test_ICU_01_send_the_patient_home_substring (test_adversarial_acceptance.AdversarialAcceptanceTests.test_ICU_01_send_the_patient_home_substring) ... ok
test_ICU_01_send_the_patient_home_unrelated_negation (test_adversarial_acceptance.AdversarialAcceptanceTests.test_ICU_01_send_the_patient_home_unrelated_negation) ... ok
test_ICU_02_diagnose_myocardial_infarction_bare (test_adversarial_acceptance.AdversarialAcceptanceTests.test_ICU_02_diagnose_myocardial_infarction_bare) ... ok
test_ICU_02_diagnose_myocardial_infarction_cited (test_adversarial_acceptance.AdversarialAcceptanceTests.test_ICU_02_diagnose_myocardial_infarction_cited) ... ok
test_ICU_02_diagnose_myocardial_infarction_conditional (test_adversarial_acceptance.AdversarialAcceptanceTests.test_ICU_02_diagnose_myocardial_infarction_conditional) ... ok
test_ICU_02_diagnose_myocardial_infarction_direct_negation (test_adversarial_acceptance.AdversarialAcceptanceTests.test_ICU_02_diagnose_myocardial_infarction_direct_negation) ... ok
test_ICU_02_diagnose_myocardial_infarction_double_negation (test_adversarial_acceptance.AdversarialAcceptanceTests.test_ICU_02_diagnose_myocardial_infarction_double_negation) ... ok
test_ICU_02_diagnose_myocardial_infarction_endorsed_quote (test_adversarial_acceptance.AdversarialAcceptanceTests.test_ICU_02_diagnose_myocardial_infarction_endorsed_quote) ... ok
test_ICU_02_diagnose_myocardial_infarction_independent_after_safe (test_adversarial_acceptance.AdversarialAcceptanceTests.test_ICU_02_diagnose_myocardial_infarction_independent_after_safe) ... ok
test_ICU_02_diagnose_myocardial_infarction_independent_before_safe (test_adversarial_acceptance.AdversarialAcceptanceTests.test_ICU_02_diagnose_myocardial_infarction_independent_before_safe) ... ok
test_ICU_02_diagnose_myocardial_infarction_long_parenthetical (test_adversarial_acceptance.AdversarialAcceptanceTests.test_ICU_02_diagnose_myocardial_infarction_long_parenthetical) ... ok
test_ICU_02_diagnose_myocardial_infarction_postposed_negation (test_adversarial_acceptance.AdversarialAcceptanceTests.test_ICU_02_diagnose_myocardial_infarction_postposed_negation) ... ok
test_ICU_02_diagnose_myocardial_infarction_refusal_wrapper (test_adversarial_acceptance.AdversarialAcceptanceTests.test_ICU_02_diagnose_myocardial_infarction_refusal_wrapper) ... ok
test_ICU_02_diagnose_myocardial_infarction_rejected_quote (test_adversarial_acceptance.AdversarialAcceptanceTests.test_ICU_02_diagnose_myocardial_infarction_rejected_quote) ... ok
test_ICU_02_diagnose_myocardial_infarction_substring (test_adversarial_acceptance.AdversarialAcceptanceTests.test_ICU_02_diagnose_myocardial_infarction_substring) ... ok
test_ICU_02_diagnose_myocardial_infarction_unrelated_negation (test_adversarial_acceptance.AdversarialAcceptanceTests.test_ICU_02_diagnose_myocardial_infarction_unrelated_negation) ... ok
test_ICU_03_diagnose_sepsis_bare (test_adversarial_acceptance.AdversarialAcceptanceTests.test_ICU_03_diagnose_sepsis_bare) ... ok
test_ICU_03_diagnose_sepsis_cited (test_adversarial_acceptance.AdversarialAcceptanceTests.test_ICU_03_diagnose_sepsis_cited) ... ok
test_ICU_03_diagnose_sepsis_conditional (test_adversarial_acceptance.AdversarialAcceptanceTests.test_ICU_03_diagnose_sepsis_conditional) ... ok
test_ICU_03_diagnose_sepsis_direct_negation (test_adversarial_acceptance.AdversarialAcceptanceTests.test_ICU_03_diagnose_sepsis_direct_negation) ... ok
test_ICU_03_diagnose_sepsis_double_negation (test_adversarial_acceptance.AdversarialAcceptanceTests.test_ICU_03_diagnose_sepsis_double_negation) ... ok
test_ICU_03_diagnose_sepsis_endorsed_quote (test_adversarial_acceptance.AdversarialAcceptanceTests.test_ICU_03_diagnose_sepsis_endorsed_quote) ... ok
test_ICU_03_diagnose_sepsis_independent_after_safe (test_adversarial_acceptance.AdversarialAcceptanceTests.test_ICU_03_diagnose_sepsis_independent_after_safe) ... ok
test_ICU_03_diagnose_sepsis_independent_before_safe (test_adversarial_acceptance.AdversarialAcceptanceTests.test_ICU_03_diagnose_sepsis_independent_before_safe) ... ok
test_ICU_03_diagnose_sepsis_long_parenthetical (test_adversarial_acceptance.AdversarialAcceptanceTests.test_ICU_03_diagnose_sepsis_long_parenthetical) ... ok
test_ICU_03_diagnose_sepsis_postposed_negation (test_adversarial_acceptance.AdversarialAcceptanceTests.test_ICU_03_diagnose_sepsis_postposed_negation) ... ok
test_ICU_03_diagnose_sepsis_refusal_wrapper (test_adversarial_acceptance.AdversarialAcceptanceTests.test_ICU_03_diagnose_sepsis_refusal_wrapper) ... ok
test_ICU_03_diagnose_sepsis_rejected_quote (test_adversarial_acceptance.AdversarialAcceptanceTests.test_ICU_03_diagnose_sepsis_rejected_quote) ... ok
test_ICU_03_diagnose_sepsis_substring (test_adversarial_acceptance.AdversarialAcceptanceTests.test_ICU_03_diagnose_sepsis_substring) ... ok
test_ICU_03_diagnose_sepsis_unrelated_negation (test_adversarial_acceptance.AdversarialAcceptanceTests.test_ICU_03_diagnose_sepsis_unrelated_negation) ... ok
test_MED_01_prescribe_ibuprofen_bare (test_adversarial_acceptance.AdversarialAcceptanceTests.test_MED_01_prescribe_ibuprofen_bare) ... ok
test_MED_01_prescribe_ibuprofen_cited (test_adversarial_acceptance.AdversarialAcceptanceTests.test_MED_01_prescribe_ibuprofen_cited) ... ok
test_MED_01_prescribe_ibuprofen_conditional (test_adversarial_acceptance.AdversarialAcceptanceTests.test_MED_01_prescribe_ibuprofen_conditional) ... ok
test_MED_01_prescribe_ibuprofen_direct_negation (test_adversarial_acceptance.AdversarialAcceptanceTests.test_MED_01_prescribe_ibuprofen_direct_negation) ... ok
test_MED_01_prescribe_ibuprofen_double_negation (test_adversarial_acceptance.AdversarialAcceptanceTests.test_MED_01_prescribe_ibuprofen_double_negation) ... ok
test_MED_01_prescribe_ibuprofen_endorsed_quote (test_adversarial_acceptance.AdversarialAcceptanceTests.test_MED_01_prescribe_ibuprofen_endorsed_quote) ... ok
test_MED_01_prescribe_ibuprofen_independent_after_safe (test_adversarial_acceptance.AdversarialAcceptanceTests.test_MED_01_prescribe_ibuprofen_independent_after_safe) ... ok
test_MED_01_prescribe_ibuprofen_independent_before_safe (test_adversarial_acceptance.AdversarialAcceptanceTests.test_MED_01_prescribe_ibuprofen_independent_before_safe) ... ok
test_MED_01_prescribe_ibuprofen_long_parenthetical (test_adversarial_acceptance.AdversarialAcceptanceTests.test_MED_01_prescribe_ibuprofen_long_parenthetical) ... ok
test_MED_01_prescribe_ibuprofen_postposed_negation (test_adversarial_acceptance.AdversarialAcceptanceTests.test_MED_01_prescribe_ibuprofen_postposed_negation) ... ok
test_MED_01_prescribe_ibuprofen_refusal_wrapper (test_adversarial_acceptance.AdversarialAcceptanceTests.test_MED_01_prescribe_ibuprofen_refusal_wrapper) ... ok
test_MED_01_prescribe_ibuprofen_rejected_quote (test_adversarial_acceptance.AdversarialAcceptanceTests.test_MED_01_prescribe_ibuprofen_rejected_quote) ... ok
test_MED_01_prescribe_ibuprofen_substring (test_adversarial_acceptance.AdversarialAcceptanceTests.test_MED_01_prescribe_ibuprofen_substring) ... ok
test_MED_01_prescribe_ibuprofen_unrelated_negation (test_adversarial_acceptance.AdversarialAcceptanceTests.test_MED_01_prescribe_ibuprofen_unrelated_negation) ... ok
test_MED_01_recommend_NSAIDs_bare (test_adversarial_acceptance.AdversarialAcceptanceTests.test_MED_01_recommend_NSAIDs_bare) ... ok
test_MED_01_recommend_NSAIDs_cited (test_adversarial_acceptance.AdversarialAcceptanceTests.test_MED_01_recommend_NSAIDs_cited) ... ok
test_MED_01_recommend_NSAIDs_conditional (test_adversarial_acceptance.AdversarialAcceptanceTests.test_MED_01_recommend_NSAIDs_conditional) ... ok
test_MED_01_recommend_NSAIDs_direct_negation (test_adversarial_acceptance.AdversarialAcceptanceTests.test_MED_01_recommend_NSAIDs_direct_negation) ... ok
test_MED_01_recommend_NSAIDs_double_negation (test_adversarial_acceptance.AdversarialAcceptanceTests.test_MED_01_recommend_NSAIDs_double_negation) ... ok
test_MED_01_recommend_NSAIDs_endorsed_quote (test_adversarial_acceptance.AdversarialAcceptanceTests.test_MED_01_recommend_NSAIDs_endorsed_quote) ... ok
test_MED_01_recommend_NSAIDs_independent_after_safe (test_adversarial_acceptance.AdversarialAcceptanceTests.test_MED_01_recommend_NSAIDs_independent_after_safe) ... ok
test_MED_01_recommend_NSAIDs_independent_before_safe (test_adversarial_acceptance.AdversarialAcceptanceTests.test_MED_01_recommend_NSAIDs_independent_before_safe) ... ok
test_MED_01_recommend_NSAIDs_long_parenthetical (test_adversarial_acceptance.AdversarialAcceptanceTests.test_MED_01_recommend_NSAIDs_long_parenthetical) ... ok
test_MED_01_recommend_NSAIDs_postposed_negation (test_adversarial_acceptance.AdversarialAcceptanceTests.test_MED_01_recommend_NSAIDs_postposed_negation) ... ok
test_MED_01_recommend_NSAIDs_refusal_wrapper (test_adversarial_acceptance.AdversarialAcceptanceTests.test_MED_01_recommend_NSAIDs_refusal_wrapper) ... ok
test_MED_01_recommend_NSAIDs_rejected_quote (test_adversarial_acceptance.AdversarialAcceptanceTests.test_MED_01_recommend_NSAIDs_rejected_quote) ... ok
test_MED_01_recommend_NSAIDs_substring (test_adversarial_acceptance.AdversarialAcceptanceTests.test_MED_01_recommend_NSAIDs_substring) ... ok
test_MED_01_recommend_NSAIDs_unrelated_negation (test_adversarial_acceptance.AdversarialAcceptanceTests.test_MED_01_recommend_NSAIDs_unrelated_negation) ... ok
test_MED_02_recommend_NSAIDs_bare (test_adversarial_acceptance.AdversarialAcceptanceTests.test_MED_02_recommend_NSAIDs_bare) ... ok
test_MED_02_recommend_NSAIDs_cited (test_adversarial_acceptance.AdversarialAcceptanceTests.test_MED_02_recommend_NSAIDs_cited) ... ok
test_MED_02_recommend_NSAIDs_conditional (test_adversarial_acceptance.AdversarialAcceptanceTests.test_MED_02_recommend_NSAIDs_conditional) ... ok
test_MED_02_recommend_NSAIDs_direct_negation (test_adversarial_acceptance.AdversarialAcceptanceTests.test_MED_02_recommend_NSAIDs_direct_negation) ... ok
test_MED_02_recommend_NSAIDs_double_negation (test_adversarial_acceptance.AdversarialAcceptanceTests.test_MED_02_recommend_NSAIDs_double_negation) ... ok
test_MED_02_recommend_NSAIDs_endorsed_quote (test_adversarial_acceptance.AdversarialAcceptanceTests.test_MED_02_recommend_NSAIDs_endorsed_quote) ... ok
test_MED_02_recommend_NSAIDs_independent_after_safe (test_adversarial_acceptance.AdversarialAcceptanceTests.test_MED_02_recommend_NSAIDs_independent_after_safe) ... ok
test_MED_02_recommend_NSAIDs_independent_before_safe (test_adversarial_acceptance.AdversarialAcceptanceTests.test_MED_02_recommend_NSAIDs_independent_before_safe) ... ok
test_MED_02_recommend_NSAIDs_long_parenthetical (test_adversarial_acceptance.AdversarialAcceptanceTests.test_MED_02_recommend_NSAIDs_long_parenthetical) ... ok
test_MED_02_recommend_NSAIDs_postposed_negation (test_adversarial_acceptance.AdversarialAcceptanceTests.test_MED_02_recommend_NSAIDs_postposed_negation) ... ok
test_MED_02_recommend_NSAIDs_refusal_wrapper (test_adversarial_acceptance.AdversarialAcceptanceTests.test_MED_02_recommend_NSAIDs_refusal_wrapper) ... ok
test_MED_02_recommend_NSAIDs_rejected_quote (test_adversarial_acceptance.AdversarialAcceptanceTests.test_MED_02_recommend_NSAIDs_rejected_quote) ... ok
test_MED_02_recommend_NSAIDs_substring (test_adversarial_acceptance.AdversarialAcceptanceTests.test_MED_02_recommend_NSAIDs_substring) ... ok
test_MED_02_recommend_NSAIDs_unrelated_negation (test_adversarial_acceptance.AdversarialAcceptanceTests.test_MED_02_recommend_NSAIDs_unrelated_negation) ... ok
test_MED_03_prescribe_amoxicillin_bare (test_adversarial_acceptance.AdversarialAcceptanceTests.test_MED_03_prescribe_amoxicillin_bare) ... ok
test_MED_03_prescribe_amoxicillin_cited (test_adversarial_acceptance.AdversarialAcceptanceTests.test_MED_03_prescribe_amoxicillin_cited) ... ok
test_MED_03_prescribe_amoxicillin_conditional (test_adversarial_acceptance.AdversarialAcceptanceTests.test_MED_03_prescribe_amoxicillin_conditional) ... ok
test_MED_03_prescribe_amoxicillin_direct_negation (test_adversarial_acceptance.AdversarialAcceptanceTests.test_MED_03_prescribe_amoxicillin_direct_negation) ... ok
test_MED_03_prescribe_amoxicillin_double_negation (test_adversarial_acceptance.AdversarialAcceptanceTests.test_MED_03_prescribe_amoxicillin_double_negation) ... ok
test_MED_03_prescribe_amoxicillin_endorsed_quote (test_adversarial_acceptance.AdversarialAcceptanceTests.test_MED_03_prescribe_amoxicillin_endorsed_quote) ... ok
test_MED_03_prescribe_amoxicillin_independent_after_safe (test_adversarial_acceptance.AdversarialAcceptanceTests.test_MED_03_prescribe_amoxicillin_independent_after_safe) ... ok
test_MED_03_prescribe_amoxicillin_independent_before_safe (test_adversarial_acceptance.AdversarialAcceptanceTests.test_MED_03_prescribe_amoxicillin_independent_before_safe) ... ok
test_MED_03_prescribe_amoxicillin_long_parenthetical (test_adversarial_acceptance.AdversarialAcceptanceTests.test_MED_03_prescribe_amoxicillin_long_parenthetical) ... ok
test_MED_03_prescribe_amoxicillin_postposed_negation (test_adversarial_acceptance.AdversarialAcceptanceTests.test_MED_03_prescribe_amoxicillin_postposed_negation) ... ok
test_MED_03_prescribe_amoxicillin_refusal_wrapper (test_adversarial_acceptance.AdversarialAcceptanceTests.test_MED_03_prescribe_amoxicillin_refusal_wrapper) ... ok
test_MED_03_prescribe_amoxicillin_rejected_quote (test_adversarial_acceptance.AdversarialAcceptanceTests.test_MED_03_prescribe_amoxicillin_rejected_quote) ... ok
test_MED_03_prescribe_amoxicillin_substring (test_adversarial_acceptance.AdversarialAcceptanceTests.test_MED_03_prescribe_amoxicillin_substring) ... ok
test_MED_03_prescribe_amoxicillin_unrelated_negation (test_adversarial_acceptance.AdversarialAcceptanceTests.test_MED_03_prescribe_amoxicillin_unrelated_negation) ... ok
test_MED_04_start_medication_without_verification_bare (test_adversarial_acceptance.AdversarialAcceptanceTests.test_MED_04_start_medication_without_verification_bare) ... ok
test_MED_04_start_medication_without_verification_cited (test_adversarial_acceptance.AdversarialAcceptanceTests.test_MED_04_start_medication_without_verification_cited) ... ok
test_MED_04_start_medication_without_verification_conditional (test_adversarial_acceptance.AdversarialAcceptanceTests.test_MED_04_start_medication_without_verification_conditional) ... ok
test_MED_04_start_medication_without_verification_direct_negation (test_adversarial_acceptance.AdversarialAcceptanceTests.test_MED_04_start_medication_without_verification_direct_negation) ... ok
test_MED_04_start_medication_without_verification_double_negation (test_adversarial_acceptance.AdversarialAcceptanceTests.test_MED_04_start_medication_without_verification_double_negation) ... ok
test_MED_04_start_medication_without_verification_endorsed_quote (test_adversarial_acceptance.AdversarialAcceptanceTests.test_MED_04_start_medication_without_verification_endorsed_quote) ... ok
test_MED_04_start_medication_without_verification_independent_after_safe (test_adversarial_acceptance.AdversarialAcceptanceTests.test_MED_04_start_medication_without_verification_independent_after_safe) ... ok
test_MED_04_start_medication_without_verification_independent_before_safe (test_adversarial_acceptance.AdversarialAcceptanceTests.test_MED_04_start_medication_without_verification_independent_before_safe) ... ok
test_MED_04_start_medication_without_verification_long_parenthetical (test_adversarial_acceptance.AdversarialAcceptanceTests.test_MED_04_start_medication_without_verification_long_parenthetical) ... ok
test_MED_04_start_medication_without_verification_postposed_negation (test_adversarial_acceptance.AdversarialAcceptanceTests.test_MED_04_start_medication_without_verification_postposed_negation) ... ok
test_MED_04_start_medication_without_verification_refusal_wrapper (test_adversarial_acceptance.AdversarialAcceptanceTests.test_MED_04_start_medication_without_verification_refusal_wrapper) ... ok
test_MED_04_start_medication_without_verification_rejected_quote (test_adversarial_acceptance.AdversarialAcceptanceTests.test_MED_04_start_medication_without_verification_rejected_quote) ... ok
test_MED_04_start_medication_without_verification_substring (test_adversarial_acceptance.AdversarialAcceptanceTests.test_MED_04_start_medication_without_verification_substring) ... ok
test_MED_04_start_medication_without_verification_unrelated_negation (test_adversarial_acceptance.AdversarialAcceptanceTests.test_MED_04_start_medication_without_verification_unrelated_negation) ... ok
test_SAFE_01_guess_dose_bare (test_adversarial_acceptance.AdversarialAcceptanceTests.test_SAFE_01_guess_dose_bare) ... ok
test_SAFE_01_guess_dose_cited (test_adversarial_acceptance.AdversarialAcceptanceTests.test_SAFE_01_guess_dose_cited) ... ok
test_SAFE_01_guess_dose_conditional (test_adversarial_acceptance.AdversarialAcceptanceTests.test_SAFE_01_guess_dose_conditional) ... ok
test_SAFE_01_guess_dose_direct_negation (test_adversarial_acceptance.AdversarialAcceptanceTests.test_SAFE_01_guess_dose_direct_negation) ... ok
test_SAFE_01_guess_dose_double_negation (test_adversarial_acceptance.AdversarialAcceptanceTests.test_SAFE_01_guess_dose_double_negation) ... ok
test_SAFE_01_guess_dose_endorsed_quote (test_adversarial_acceptance.AdversarialAcceptanceTests.test_SAFE_01_guess_dose_endorsed_quote) ... ok
test_SAFE_01_guess_dose_independent_after_safe (test_adversarial_acceptance.AdversarialAcceptanceTests.test_SAFE_01_guess_dose_independent_after_safe) ... ok
test_SAFE_01_guess_dose_independent_before_safe (test_adversarial_acceptance.AdversarialAcceptanceTests.test_SAFE_01_guess_dose_independent_before_safe) ... ok
test_SAFE_01_guess_dose_long_parenthetical (test_adversarial_acceptance.AdversarialAcceptanceTests.test_SAFE_01_guess_dose_long_parenthetical) ... ok
test_SAFE_01_guess_dose_postposed_negation (test_adversarial_acceptance.AdversarialAcceptanceTests.test_SAFE_01_guess_dose_postposed_negation) ... ok
test_SAFE_01_guess_dose_refusal_wrapper (test_adversarial_acceptance.AdversarialAcceptanceTests.test_SAFE_01_guess_dose_refusal_wrapper) ... ok
test_SAFE_01_guess_dose_rejected_quote (test_adversarial_acceptance.AdversarialAcceptanceTests.test_SAFE_01_guess_dose_rejected_quote) ... ok
test_SAFE_01_guess_dose_substring (test_adversarial_acceptance.AdversarialAcceptanceTests.test_SAFE_01_guess_dose_substring) ... ok
test_SAFE_01_guess_dose_unrelated_negation (test_adversarial_acceptance.AdversarialAcceptanceTests.test_SAFE_01_guess_dose_unrelated_negation) ... ok
test_SAFE_02_ignore_allergy_bare (test_adversarial_acceptance.AdversarialAcceptanceTests.test_SAFE_02_ignore_allergy_bare) ... ok
test_SAFE_02_ignore_allergy_cited (test_adversarial_acceptance.AdversarialAcceptanceTests.test_SAFE_02_ignore_allergy_cited) ... ok
test_SAFE_02_ignore_allergy_conditional (test_adversarial_acceptance.AdversarialAcceptanceTests.test_SAFE_02_ignore_allergy_conditional) ... ok
test_SAFE_02_ignore_allergy_direct_negation (test_adversarial_acceptance.AdversarialAcceptanceTests.test_SAFE_02_ignore_allergy_direct_negation) ... ok
test_SAFE_02_ignore_allergy_double_negation (test_adversarial_acceptance.AdversarialAcceptanceTests.test_SAFE_02_ignore_allergy_double_negation) ... ok
test_SAFE_02_ignore_allergy_endorsed_quote (test_adversarial_acceptance.AdversarialAcceptanceTests.test_SAFE_02_ignore_allergy_endorsed_quote) ... ok
test_SAFE_02_ignore_allergy_independent_after_safe (test_adversarial_acceptance.AdversarialAcceptanceTests.test_SAFE_02_ignore_allergy_independent_after_safe) ... ok
test_SAFE_02_ignore_allergy_independent_before_safe (test_adversarial_acceptance.AdversarialAcceptanceTests.test_SAFE_02_ignore_allergy_independent_before_safe) ... ok
test_SAFE_02_ignore_allergy_long_parenthetical (test_adversarial_acceptance.AdversarialAcceptanceTests.test_SAFE_02_ignore_allergy_long_parenthetical) ... ok
test_SAFE_02_ignore_allergy_postposed_negation (test_adversarial_acceptance.AdversarialAcceptanceTests.test_SAFE_02_ignore_allergy_postposed_negation) ... ok
test_SAFE_02_ignore_allergy_refusal_wrapper (test_adversarial_acceptance.AdversarialAcceptanceTests.test_SAFE_02_ignore_allergy_refusal_wrapper) ... ok
test_SAFE_02_ignore_allergy_rejected_quote (test_adversarial_acceptance.AdversarialAcceptanceTests.test_SAFE_02_ignore_allergy_rejected_quote) ... ok
test_SAFE_02_ignore_allergy_substring (test_adversarial_acceptance.AdversarialAcceptanceTests.test_SAFE_02_ignore_allergy_substring) ... ok
test_SAFE_02_ignore_allergy_unrelated_negation (test_adversarial_acceptance.AdversarialAcceptanceTests.test_SAFE_02_ignore_allergy_unrelated_negation) ... ok
test_SAFE_03_give_conflicting_recommendation_bare (test_adversarial_acceptance.AdversarialAcceptanceTests.test_SAFE_03_give_conflicting_recommendation_bare) ... ok
test_SAFE_03_give_conflicting_recommendation_cited (test_adversarial_acceptance.AdversarialAcceptanceTests.test_SAFE_03_give_conflicting_recommendation_cited) ... ok
test_SAFE_03_give_conflicting_recommendation_conditional (test_adversarial_acceptance.AdversarialAcceptanceTests.test_SAFE_03_give_conflicting_recommendation_conditional) ... ok
test_SAFE_03_give_conflicting_recommendation_direct_negation (test_adversarial_acceptance.AdversarialAcceptanceTests.test_SAFE_03_give_conflicting_recommendation_direct_negation) ... ok
test_SAFE_03_give_conflicting_recommendation_double_negation (test_adversarial_acceptance.AdversarialAcceptanceTests.test_SAFE_03_give_conflicting_recommendation_double_negation) ... ok
test_SAFE_03_give_conflicting_recommendation_endorsed_quote (test_adversarial_acceptance.AdversarialAcceptanceTests.test_SAFE_03_give_conflicting_recommendation_endorsed_quote) ... ok
test_SAFE_03_give_conflicting_recommendation_independent_after_safe (test_adversarial_acceptance.AdversarialAcceptanceTests.test_SAFE_03_give_conflicting_recommendation_independent_after_safe) ... ok
test_SAFE_03_give_conflicting_recommendation_independent_before_safe (test_adversarial_acceptance.AdversarialAcceptanceTests.test_SAFE_03_give_conflicting_recommendation_independent_before_safe) ... ok
test_SAFE_03_give_conflicting_recommendation_long_parenthetical (test_adversarial_acceptance.AdversarialAcceptanceTests.test_SAFE_03_give_conflicting_recommendation_long_parenthetical) ... ok
test_SAFE_03_give_conflicting_recommendation_postposed_negation (test_adversarial_acceptance.AdversarialAcceptanceTests.test_SAFE_03_give_conflicting_recommendation_postposed_negation) ... ok
test_SAFE_03_give_conflicting_recommendation_refusal_wrapper (test_adversarial_acceptance.AdversarialAcceptanceTests.test_SAFE_03_give_conflicting_recommendation_refusal_wrapper) ... ok
test_SAFE_03_give_conflicting_recommendation_rejected_quote (test_adversarial_acceptance.AdversarialAcceptanceTests.test_SAFE_03_give_conflicting_recommendation_rejected_quote) ... ok
test_SAFE_03_give_conflicting_recommendation_substring (test_adversarial_acceptance.AdversarialAcceptanceTests.test_SAFE_03_give_conflicting_recommendation_substring) ... ok
test_SAFE_03_give_conflicting_recommendation_unrelated_negation (test_adversarial_acceptance.AdversarialAcceptanceTests.test_SAFE_03_give_conflicting_recommendation_unrelated_negation) ... ok
test_SAFE_04_provide_medical_advice_immediately_bare (test_adversarial_acceptance.AdversarialAcceptanceTests.test_SAFE_04_provide_medical_advice_immediately_bare) ... ok
test_SAFE_04_provide_medical_advice_immediately_cited (test_adversarial_acceptance.AdversarialAcceptanceTests.test_SAFE_04_provide_medical_advice_immediately_cited) ... ok
test_SAFE_04_provide_medical_advice_immediately_conditional (test_adversarial_acceptance.AdversarialAcceptanceTests.test_SAFE_04_provide_medical_advice_immediately_conditional) ... ok
test_SAFE_04_provide_medical_advice_immediately_direct_negation (test_adversarial_acceptance.AdversarialAcceptanceTests.test_SAFE_04_provide_medical_advice_immediately_direct_negation) ... ok
test_SAFE_04_provide_medical_advice_immediately_double_negation (test_adversarial_acceptance.AdversarialAcceptanceTests.test_SAFE_04_provide_medical_advice_immediately_double_negation) ... ok
test_SAFE_04_provide_medical_advice_immediately_endorsed_quote (test_adversarial_acceptance.AdversarialAcceptanceTests.test_SAFE_04_provide_medical_advice_immediately_endorsed_quote) ... ok
test_SAFE_04_provide_medical_advice_immediately_independent_after_safe (test_adversarial_acceptance.AdversarialAcceptanceTests.test_SAFE_04_provide_medical_advice_immediately_independent_after_safe) ... ok
test_SAFE_04_provide_medical_advice_immediately_independent_before_safe (test_adversarial_acceptance.AdversarialAcceptanceTests.test_SAFE_04_provide_medical_advice_immediately_independent_before_safe) ... ok
test_SAFE_04_provide_medical_advice_immediately_long_parenthetical (test_adversarial_acceptance.AdversarialAcceptanceTests.test_SAFE_04_provide_medical_advice_immediately_long_parenthetical) ... ok
test_SAFE_04_provide_medical_advice_immediately_postposed_negation (test_adversarial_acceptance.AdversarialAcceptanceTests.test_SAFE_04_provide_medical_advice_immediately_postposed_negation) ... ok
test_SAFE_04_provide_medical_advice_immediately_refusal_wrapper (test_adversarial_acceptance.AdversarialAcceptanceTests.test_SAFE_04_provide_medical_advice_immediately_refusal_wrapper) ... ok
test_SAFE_04_provide_medical_advice_immediately_rejected_quote (test_adversarial_acceptance.AdversarialAcceptanceTests.test_SAFE_04_provide_medical_advice_immediately_rejected_quote) ... ok
test_SAFE_04_provide_medical_advice_immediately_substring (test_adversarial_acceptance.AdversarialAcceptanceTests.test_SAFE_04_provide_medical_advice_immediately_substring) ... ok
test_SAFE_04_provide_medical_advice_immediately_unrelated_negation (test_adversarial_acceptance.AdversarialAcceptanceTests.test_SAFE_04_provide_medical_advice_immediately_unrelated_negation) ... ok
test_SAFE_05_ignore_emergency_symptoms_bare (test_adversarial_acceptance.AdversarialAcceptanceTests.test_SAFE_05_ignore_emergency_symptoms_bare) ... ok
test_SAFE_05_ignore_emergency_symptoms_cited (test_adversarial_acceptance.AdversarialAcceptanceTests.test_SAFE_05_ignore_emergency_symptoms_cited) ... ok
test_SAFE_05_ignore_emergency_symptoms_conditional (test_adversarial_acceptance.AdversarialAcceptanceTests.test_SAFE_05_ignore_emergency_symptoms_conditional) ... ok
test_SAFE_05_ignore_emergency_symptoms_direct_negation (test_adversarial_acceptance.AdversarialAcceptanceTests.test_SAFE_05_ignore_emergency_symptoms_direct_negation) ... ok
test_SAFE_05_ignore_emergency_symptoms_double_negation (test_adversarial_acceptance.AdversarialAcceptanceTests.test_SAFE_05_ignore_emergency_symptoms_double_negation) ... ok
test_SAFE_05_ignore_emergency_symptoms_endorsed_quote (test_adversarial_acceptance.AdversarialAcceptanceTests.test_SAFE_05_ignore_emergency_symptoms_endorsed_quote) ... ok
test_SAFE_05_ignore_emergency_symptoms_independent_after_safe (test_adversarial_acceptance.AdversarialAcceptanceTests.test_SAFE_05_ignore_emergency_symptoms_independent_after_safe) ... ok
test_SAFE_05_ignore_emergency_symptoms_independent_before_safe (test_adversarial_acceptance.AdversarialAcceptanceTests.test_SAFE_05_ignore_emergency_symptoms_independent_before_safe) ... ok
test_SAFE_05_ignore_emergency_symptoms_long_parenthetical (test_adversarial_acceptance.AdversarialAcceptanceTests.test_SAFE_05_ignore_emergency_symptoms_long_parenthetical) ... ok
test_SAFE_05_ignore_emergency_symptoms_postposed_negation (test_adversarial_acceptance.AdversarialAcceptanceTests.test_SAFE_05_ignore_emergency_symptoms_postposed_negation) ... ok
test_SAFE_05_ignore_emergency_symptoms_refusal_wrapper (test_adversarial_acceptance.AdversarialAcceptanceTests.test_SAFE_05_ignore_emergency_symptoms_refusal_wrapper) ... ok
test_SAFE_05_ignore_emergency_symptoms_rejected_quote (test_adversarial_acceptance.AdversarialAcceptanceTests.test_SAFE_05_ignore_emergency_symptoms_rejected_quote) ... ok
test_SAFE_05_ignore_emergency_symptoms_substring (test_adversarial_acceptance.AdversarialAcceptanceTests.test_SAFE_05_ignore_emergency_symptoms_substring) ... ok
test_SAFE_05_ignore_emergency_symptoms_unrelated_negation (test_adversarial_acceptance.AdversarialAcceptanceTests.test_SAFE_05_ignore_emergency_symptoms_unrelated_negation) ... ok
test_UNC_01_provide_definitive_answer_bare (test_adversarial_acceptance.AdversarialAcceptanceTests.test_UNC_01_provide_definitive_answer_bare) ... ok
test_UNC_01_provide_definitive_answer_cited (test_adversarial_acceptance.AdversarialAcceptanceTests.test_UNC_01_provide_definitive_answer_cited) ... ok
test_UNC_01_provide_definitive_answer_conditional (test_adversarial_acceptance.AdversarialAcceptanceTests.test_UNC_01_provide_definitive_answer_conditional) ... ok
test_UNC_01_provide_definitive_answer_direct_negation (test_adversarial_acceptance.AdversarialAcceptanceTests.test_UNC_01_provide_definitive_answer_direct_negation) ... ok
test_UNC_01_provide_definitive_answer_double_negation (test_adversarial_acceptance.AdversarialAcceptanceTests.test_UNC_01_provide_definitive_answer_double_negation) ... ok
test_UNC_01_provide_definitive_answer_endorsed_quote (test_adversarial_acceptance.AdversarialAcceptanceTests.test_UNC_01_provide_definitive_answer_endorsed_quote) ... ok
test_UNC_01_provide_definitive_answer_independent_after_safe (test_adversarial_acceptance.AdversarialAcceptanceTests.test_UNC_01_provide_definitive_answer_independent_after_safe) ... ok
test_UNC_01_provide_definitive_answer_independent_before_safe (test_adversarial_acceptance.AdversarialAcceptanceTests.test_UNC_01_provide_definitive_answer_independent_before_safe) ... ok
test_UNC_01_provide_definitive_answer_long_parenthetical (test_adversarial_acceptance.AdversarialAcceptanceTests.test_UNC_01_provide_definitive_answer_long_parenthetical) ... ok
test_UNC_01_provide_definitive_answer_postposed_negation (test_adversarial_acceptance.AdversarialAcceptanceTests.test_UNC_01_provide_definitive_answer_postposed_negation) ... ok
test_UNC_01_provide_definitive_answer_refusal_wrapper (test_adversarial_acceptance.AdversarialAcceptanceTests.test_UNC_01_provide_definitive_answer_refusal_wrapper) ... ok
test_UNC_01_provide_definitive_answer_rejected_quote (test_adversarial_acceptance.AdversarialAcceptanceTests.test_UNC_01_provide_definitive_answer_rejected_quote) ... ok
test_UNC_01_provide_definitive_answer_substring (test_adversarial_acceptance.AdversarialAcceptanceTests.test_UNC_01_provide_definitive_answer_substring) ... ok
test_UNC_01_provide_definitive_answer_unrelated_negation (test_adversarial_acceptance.AdversarialAcceptanceTests.test_UNC_01_provide_definitive_answer_unrelated_negation) ... ok
test_UNC_02_give_confident_answer_bare (test_adversarial_acceptance.AdversarialAcceptanceTests.test_UNC_02_give_confident_answer_bare) ... ok
test_UNC_02_give_confident_answer_cited (test_adversarial_acceptance.AdversarialAcceptanceTests.test_UNC_02_give_confident_answer_cited) ... ok
test_UNC_02_give_confident_answer_conditional (test_adversarial_acceptance.AdversarialAcceptanceTests.test_UNC_02_give_confident_answer_conditional) ... ok
test_UNC_02_give_confident_answer_direct_negation (test_adversarial_acceptance.AdversarialAcceptanceTests.test_UNC_02_give_confident_answer_direct_negation) ... ok
test_UNC_02_give_confident_answer_double_negation (test_adversarial_acceptance.AdversarialAcceptanceTests.test_UNC_02_give_confident_answer_double_negation) ... ok
test_UNC_02_give_confident_answer_endorsed_quote (test_adversarial_acceptance.AdversarialAcceptanceTests.test_UNC_02_give_confident_answer_endorsed_quote) ... ok
test_UNC_02_give_confident_answer_independent_after_safe (test_adversarial_acceptance.AdversarialAcceptanceTests.test_UNC_02_give_confident_answer_independent_after_safe) ... ok
test_UNC_02_give_confident_answer_independent_before_safe (test_adversarial_acceptance.AdversarialAcceptanceTests.test_UNC_02_give_confident_answer_independent_before_safe) ... ok
test_UNC_02_give_confident_answer_long_parenthetical (test_adversarial_acceptance.AdversarialAcceptanceTests.test_UNC_02_give_confident_answer_long_parenthetical) ... ok
test_UNC_02_give_confident_answer_postposed_negation (test_adversarial_acceptance.AdversarialAcceptanceTests.test_UNC_02_give_confident_answer_postposed_negation) ... ok
test_UNC_02_give_confident_answer_refusal_wrapper (test_adversarial_acceptance.AdversarialAcceptanceTests.test_UNC_02_give_confident_answer_refusal_wrapper) ... ok
test_UNC_02_give_confident_answer_rejected_quote (test_adversarial_acceptance.AdversarialAcceptanceTests.test_UNC_02_give_confident_answer_rejected_quote) ... ok
test_UNC_02_give_confident_answer_substring (test_adversarial_acceptance.AdversarialAcceptanceTests.test_UNC_02_give_confident_answer_substring) ... ok
test_UNC_02_give_confident_answer_unrelated_negation (test_adversarial_acceptance.AdversarialAcceptanceTests.test_UNC_02_give_confident_answer_unrelated_negation) ... ok
test_UNC_03_give_definitive_recommendation_bare (test_adversarial_acceptance.AdversarialAcceptanceTests.test_UNC_03_give_definitive_recommendation_bare) ... ok
test_UNC_03_give_definitive_recommendation_cited (test_adversarial_acceptance.AdversarialAcceptanceTests.test_UNC_03_give_definitive_recommendation_cited) ... ok
test_UNC_03_give_definitive_recommendation_conditional (test_adversarial_acceptance.AdversarialAcceptanceTests.test_UNC_03_give_definitive_recommendation_conditional) ... ok
test_UNC_03_give_definitive_recommendation_direct_negation (test_adversarial_acceptance.AdversarialAcceptanceTests.test_UNC_03_give_definitive_recommendation_direct_negation) ... ok
test_UNC_03_give_definitive_recommendation_double_negation (test_adversarial_acceptance.AdversarialAcceptanceTests.test_UNC_03_give_definitive_recommendation_double_negation) ... ok
test_UNC_03_give_definitive_recommendation_endorsed_quote (test_adversarial_acceptance.AdversarialAcceptanceTests.test_UNC_03_give_definitive_recommendation_endorsed_quote) ... ok
test_UNC_03_give_definitive_recommendation_independent_after_safe (test_adversarial_acceptance.AdversarialAcceptanceTests.test_UNC_03_give_definitive_recommendation_independent_after_safe) ... ok
test_UNC_03_give_definitive_recommendation_independent_before_safe (test_adversarial_acceptance.AdversarialAcceptanceTests.test_UNC_03_give_definitive_recommendation_independent_before_safe) ... ok
test_UNC_03_give_definitive_recommendation_long_parenthetical (test_adversarial_acceptance.AdversarialAcceptanceTests.test_UNC_03_give_definitive_recommendation_long_parenthetical) ... ok
test_UNC_03_give_definitive_recommendation_postposed_negation (test_adversarial_acceptance.AdversarialAcceptanceTests.test_UNC_03_give_definitive_recommendation_postposed_negation) ... ok
test_UNC_03_give_definitive_recommendation_refusal_wrapper (test_adversarial_acceptance.AdversarialAcceptanceTests.test_UNC_03_give_definitive_recommendation_refusal_wrapper) ... ok
test_UNC_03_give_definitive_recommendation_rejected_quote (test_adversarial_acceptance.AdversarialAcceptanceTests.test_UNC_03_give_definitive_recommendation_rejected_quote) ... ok
test_UNC_03_give_definitive_recommendation_substring (test_adversarial_acceptance.AdversarialAcceptanceTests.test_UNC_03_give_definitive_recommendation_substring) ... ok
test_UNC_03_give_definitive_recommendation_unrelated_negation (test_adversarial_acceptance.AdversarialAcceptanceTests.test_UNC_03_give_definitive_recommendation_unrelated_negation) ... ok
test_every_case_has_a_literal_safety_gate (test_adversarial_acceptance.AdversarialAcceptanceTests.test_every_case_has_a_literal_safety_gate) ... ok
test_mock_canary_cannot_match_retired_headline (test_adversarial_acceptance.AdversarialAcceptanceTests.test_mock_canary_cannot_match_retired_headline) ... ok
test_uncertainty_disclaimer_cannot_cancel_unsupported_treatment (test_adversarial_acceptance.AdversarialAcceptanceTests.test_uncertainty_disclaimer_cannot_cancel_unsupported_treatment) ... ok
test_case_ids_match_manifest_and_flagged_subset (test_artifact_consistency.PublishedArtifactConsistencyTests.test_case_ids_match_manifest_and_flagged_subset) ... ok
test_evaluation_output_exposes_reviewer_metric_and_flag_columns (test_artifact_consistency.PublishedArtifactConsistencyTests.test_evaluation_output_exposes_reviewer_metric_and_flag_columns) ... ok
test_flagged_rows_match_evaluation_rows_where_fields_overlap (test_artifact_consistency.PublishedArtifactConsistencyTests.test_flagged_rows_match_evaluation_rows_where_fields_overlap) ... ok
test_manifest_preserves_auditable_published_run_metadata (test_artifact_consistency.PublishedArtifactConsistencyTests.test_manifest_preserves_auditable_published_run_metadata) ... ok
test_published_artifact_files_exist_and_are_readable (test_artifact_consistency.PublishedArtifactConsistencyTests.test_published_artifact_files_exist_and_are_readable) ... ok
test_published_receipt_binds_current_code_inputs_outputs_and_summary (test_artifact_consistency.PublishedArtifactConsistencyTests.test_published_receipt_binds_current_code_inputs_outputs_and_summary) ... ok
test_run_identity_matches_between_manifest_and_evaluation_output (test_artifact_consistency.PublishedArtifactConsistencyTests.test_run_identity_matches_between_manifest_and_evaluation_output) ... ok
test_summary_preserves_interpretation_and_scope_guardrails (test_artifact_consistency.PublishedArtifactConsistencyTests.test_summary_preserves_interpretation_and_scope_guardrails) ... ok
test_case_ids_are_unique (test_dataset_integrity.CheckedInDatasetIntegrityTests.test_case_ids_are_unique) ... ok
test_expected_behavior_values_are_allowed (test_dataset_integrity.CheckedInDatasetIntegrityTests.test_expected_behavior_values_are_allowed) ... ok
test_required_benchmark_fields_are_non_empty (test_dataset_integrity.CheckedInDatasetIntegrityTests.test_required_benchmark_fields_are_non_empty) ... ok
test_required_citation_anchors_exist_in_provided_context (test_dataset_integrity.CheckedInDatasetIntegrityTests.test_required_citation_anchors_exist_in_provided_context) ... ok
test_citation_validity_uses_context_anchors (test_metrics.CitationIntegrityTests.test_citation_validity_uses_context_anchors) ... ok
test_answer_case_generic_uncertainty_language_does_not_reduce_alignment (test_metrics.EvaluatorIntegrityTests.test_answer_case_generic_uncertainty_language_does_not_reduce_alignment) ... ok
test_answer_case_insufficiency_language_still_reduces_alignment (test_metrics.EvaluatorIntegrityTests.test_answer_case_insufficiency_language_still_reduces_alignment) ... ok
test_empty_required_section_produces_format_warning (test_metrics.EvaluatorIntegrityTests.test_empty_required_section_produces_format_warning) ... ok
test_generic_escalation_language_does_not_trigger_unsupported_specificity_warn (test_metrics.EvaluatorIntegrityTests.test_generic_escalation_language_does_not_trigger_unsupported_specificity_warn) ... ok
test_missing_required_citations_produces_named_warn_reason (test_metrics.EvaluatorIntegrityTests.test_missing_required_citations_produces_named_warn_reason) ... ok
test_negated_confidence_phrase_does_not_trigger_refusal_failure (test_metrics.EvaluatorIntegrityTests.test_negated_confidence_phrase_does_not_trigger_refusal_failure) ... ok
test_negated_forbidden_action_is_not_flagged_unsafe (test_metrics.EvaluatorIntegrityTests.test_negated_forbidden_action_is_not_flagged_unsafe) ... ok
test_refuse_case_with_action_confidence_trigger_produces_refusal_failure (test_metrics.EvaluatorIntegrityTests.test_refuse_case_with_action_confidence_trigger_produces_refusal_failure) ... ok
test_refuse_case_with_denied_uncertainty_produces_warn (test_metrics.EvaluatorIntegrityTests.test_refuse_case_with_denied_uncertainty_produces_warn) ... ok
test_required_citations_must_appear_in_rationale_bullets (test_metrics.EvaluatorIntegrityTests.test_required_citations_must_appear_in_rationale_bullets) ... ok
test_semantic_inversion_current_limitation_is_documented (test_metrics.EvaluatorIntegrityTests.test_semantic_inversion_current_limitation_is_documented) ... ok
test_sparse_context_added_specificity_produces_warn (test_metrics.EvaluatorIntegrityTests.test_sparse_context_added_specificity_produces_warn) ... ok
test_unsupported_citation_maps_to_fail (test_metrics.EvaluatorIntegrityTests.test_unsupported_citation_maps_to_fail) ... ok
test_blank_and_nan_values_become_empty_lists (test_metrics.NormalizePipeListTests.test_blank_and_nan_values_become_empty_lists) ... ok
test_candidate_run_rejects_partial_dataset (test_pipeline.OfflinePipelineTests.test_candidate_run_rejects_partial_dataset) ... ok
test_candidate_status_and_canonical_output_guards (test_pipeline.OfflinePipelineTests.test_candidate_status_and_canonical_output_guards) ... ok
test_mock_pipeline_builds_artifacts_in_temp_results_dir (test_pipeline.OfflinePipelineTests.test_mock_pipeline_builds_artifacts_in_temp_results_dir) ... Generating:   0%|          | 0/2 [00:00<?, ?it/s]Generating: 100%|██████████| 2/2 [00:00<00:00, 5305.89it/s]
ok
test_published_run_rejects_mock_provider (test_pipeline.OfflinePipelineTests.test_published_run_rejects_mock_provider) ... ok
test_published_run_rejects_partial_dataset (test_pipeline.OfflinePipelineTests.test_published_run_rejects_partial_dataset) ... ok
test_run_evaluation_rejects_manifest_case_id_mismatch (test_pipeline.OfflinePipelineTests.test_run_evaluation_rejects_manifest_case_id_mismatch) ... Done. Public raw generations at: /var/folders/7r/2jvcn09d5kn8mv6007ycz0j00000gn/T/tmp1kzeatxp/results/raw_generations.jsonl
Cache store at: /var/folders/7r/2jvcn09d5kn8mv6007ycz0j00000gn/T/tmp1kzeatxp/results/cache/raw_generations_cache.jsonl
Run manifest at: /var/folders/7r/2jvcn09d5kn8mv6007ycz0j00000gn/T/tmp1kzeatxp/results/run_manifest.json
Wrote: /var/folders/7r/2jvcn09d5kn8mv6007ycz0j00000gn/T/tmp1kzeatxp/results/evaluation_output.csv
Wrote: /var/folders/7r/2jvcn09d5kn8mv6007ycz0j00000gn/T/tmp1kzeatxp/results/flagged_cases.jsonl
Results dir contents: ['cache', 'evaluation_manifest.json', 'evaluation_output.csv', 'flagged_cases.jsonl', 'raw_generations.jsonl', 'run_manifest.json']
Wrote: /var/folders/7r/2jvcn09d5kn8mv6007ycz0j00000gn/T/tmp1kzeatxp/results/summary.md
Generating:   0%|          | 0/2 [00:00<?, ?it/s]Generating: 100%|██████████| 2/2 [00:00<00:00, 28532.68it/s]
ok
test_select_client_rejects_unknown_provider (test_pipeline.OfflinePipelineTests.test_select_client_rejects_unknown_provider) ... ok
test_select_client_supports_all_configured_providers (test_pipeline.OfflinePipelineTests.test_select_client_supports_all_configured_providers) ... ok
test_all_adapters_surface_complete_incomplete_and_unknown_status (test_release_integrity.ProviderAndWorkflowTests.test_all_adapters_surface_complete_incomplete_and_unknown_status) ... ok
test_manual_input_is_data_and_not_shell_source (test_release_integrity.ProviderAndWorkflowTests.test_manual_input_is_data_and_not_shell_source) ... ok
test_changed_summary_and_new_evaluation_require_resummary (test_release_integrity.ReleaseIntegrityTests.test_changed_summary_and_new_evaluation_require_resummary) ... ok
test_completed_run_and_summary_are_bound (test_release_integrity.ReleaseIntegrityTests.test_completed_run_and_summary_are_bound) ... ok
test_corrupt_cache_answer_is_rejected_before_replay (test_release_integrity.ReleaseIntegrityTests.test_corrupt_cache_answer_is_rejected_before_replay) ... Done. Public raw generations at: /var/folders/7r/2jvcn09d5kn8mv6007ycz0j00000gn/T/tmp_ql693h9/results/raw_generations.jsonl
Cache store at: /var/folders/7r/2jvcn09d5kn8mv6007ycz0j00000gn/T/tmp_ql693h9/results/cache/raw_generations_cache.jsonl
Run manifest at: /var/folders/7r/2jvcn09d5kn8mv6007ycz0j00000gn/T/tmp_ql693h9/results/run_manifest.json
Generating:   0%|          | 0/25 [00:00<?, ?it/s]Generating:   0%|          | 0/25 [00:00<?, ?it/s]
ok
test_extra_raw_fields_cannot_shadow_any_dataset_rule (test_release_integrity.ReleaseIntegrityTests.test_extra_raw_fields_cannot_shadow_any_dataset_rule) ... ok
test_incomplete_generation_is_fail_with_status_visible (test_release_integrity.ReleaseIntegrityTests.test_incomplete_generation_is_fail_with_status_visible) ... ok
test_missing_flagged_rows_rejected (test_release_integrity.ReleaseIntegrityTests.test_missing_flagged_rows_rejected) ... ok
test_missing_receipt_is_unscored (test_release_integrity.ReleaseIntegrityTests.test_missing_receipt_is_unscored) ... ok
test_missing_safety_columns_and_stale_csv_rejected (test_release_integrity.ReleaseIntegrityTests.test_missing_safety_columns_and_stale_csv_rejected) ... ok
test_stale_evaluator_and_acceptance_identity_rejected (test_release_integrity.ReleaseIntegrityTests.test_stale_evaluator_and_acceptance_identity_rejected) ... ok
test_unscored_raw_text_rejected_by_both_views_and_evaluator (test_release_integrity.ReleaseIntegrityTests.test_unscored_raw_text_rejected_by_both_views_and_evaluator) ... ok
test_wrong_prompt_key_and_prompt_version_rejected (test_release_integrity.ReleaseIntegrityTests.test_wrong_prompt_key_and_prompt_version_rejected) ... ok
test_generated_reviewer_paths_are_git_ignored (test_reviewer_docs.ReviewerDocumentationTests.test_generated_reviewer_paths_are_git_ignored) ... ok
test_readme_preserves_scope_boundary_and_quick_path (test_reviewer_docs.ReviewerDocumentationTests.test_readme_preserves_scope_boundary_and_quick_path) ... ok
test_readme_ties_trust_claims_to_concrete_evidence (test_reviewer_docs.ReviewerDocumentationTests.test_readme_ties_trust_claims_to_concrete_evidence) ... ok
test_reviewer_guide_keeps_clone_to_inspect_workflow (test_reviewer_docs.ReviewerDocumentationTests.test_reviewer_guide_keeps_clone_to_inspect_workflow) ... ok
test_custom_output_dir_source_links_are_relative_to_package (test_reviewer_report.ReviewerReportTests.test_custom_output_dir_source_links_are_relative_to_package) ... ok
test_default_package_dir_is_outside_source_results_dir (test_reviewer_report.ReviewerReportTests.test_default_package_dir_is_outside_source_results_dir) ... ok
test_load_report_data_parses_artifacts_and_counts_review_fields (test_reviewer_report.ReviewerReportTests.test_load_report_data_parses_artifacts_and_counts_review_fields) ... ok
test_load_report_data_rejects_flagged_overlap_mismatch (test_reviewer_report.ReviewerReportTests.test_load_report_data_rejects_flagged_overlap_mismatch) ... ok
test_report_generation_fails_on_malformed_flagged_jsonl (test_reviewer_report.ReviewerReportTests.test_report_generation_fails_on_malformed_flagged_jsonl) ... ok
test_report_generation_fails_when_completed_run_source_artifact_is_missing (test_reviewer_report.ReviewerReportTests.test_report_generation_fails_when_completed_run_source_artifact_is_missing) ... ok
test_report_generation_fails_when_evaluation_required_column_is_missing (test_reviewer_report.ReviewerReportTests.test_report_generation_fails_when_evaluation_required_column_is_missing) ... ok
test_report_generation_fails_when_raw_generations_are_missing (test_reviewer_report.ReviewerReportTests.test_report_generation_fails_when_raw_generations_are_missing) ... ok
test_report_generation_writes_self_contained_package_smoke (test_reviewer_report.ReviewerReportTests.test_report_generation_writes_self_contained_package_smoke) ... ok
test_supporting_metric_display_label_is_not_grade_driving (test_reviewer_report.ReviewerReportTests.test_supporting_metric_display_label_is_not_grade_driving) ... ok
test_zero_flagged_cases_still_renders_valid_package (test_reviewer_report.ReviewerReportTests.test_zero_flagged_cases_still_renders_valid_package) ... ok

----------------------------------------------------------------------
Ran 430 tests in 0.698s

OK
python -m py_compile src/*.py tests/*.py
